2025-11-17 12:11:33,030 - INFO - Note: NumExpr detected 24 cores but "NUMEXPR_MAX_THREADS" not set, so enforcing safe limit of 8.
2025-11-17 12:11:33,030 - INFO - NumExpr defaulting to 8 threads.
2025-11-17 12:11:33,160 - INFO - Open serial connection  on /dev/ttyUSB0.
2025-11-17 12:11:33,160 - INFO - Write serial connection on /dev/ttyUSB0 to b'reset\r'.
2025-11-17 12:11:39,167 - INFO - ---------タグ検証開始します---------
2025-11-17 12:11:39,167 - INFO - ---------処理実施時間(分)：1
2025-11-17 12:11:39,189 - INFO - Open serial connection  on /dev/ttyUSB0.
2025-11-17 12:11:39,190 - INFO - Write serial connection on /dev/ttyUSB0 to b'id\r'.
2025-11-17 12:11:39,691 - INFO - Reader ID for port /dev/ttyUSB0: 2d_1
2025-11-17 12:11:39,691 - INFO - Write serial connection on /dev/ttyUSB0 to b'run\r'.
2025-11-17 12:12:39,168 - INFO - ---------タグ検証終了しました---------
2025-11-17 12:12:39,168 - INFO - DB processing was cancelled.
2025-11-17 12:16:14,518 - INFO - Note: NumExpr detected 24 cores but "NUMEXPR_MAX_THREADS" not set, so enforcing safe limit of 8.
2025-11-17 12:16:14,518 - INFO - NumExpr defaulting to 8 threads.
2025-11-17 12:16:14,655 - INFO - Open serial connection  on /dev/ttyUSB0.
2025-11-17 12:16:14,655 - INFO - Write serial connection on /dev/ttyUSB0 to b'reset\r'.
2025-11-17 12:16:20,661 - INFO - ---------タグ検証開始します---------
2025-11-17 12:16:20,661 - INFO - ---------処理実施時間(分)：1
2025-11-17 12:16:20,684 - INFO - Open serial connection  on /dev/ttyUSB0.
2025-11-17 12:16:20,686 - INFO - Write serial connection on /dev/ttyUSB0 to b'id\r'.
2025-11-17 12:16:21,187 - INFO - Reader ID for port /dev/ttyUSB0: 2d_1
2025-11-17 12:16:21,188 - INFO - Write serial connection on /dev/ttyUSB0 to b'run\r'.
2025-11-17 12:17:20,662 - INFO - ---------タグ検証終了しました---------
2025-11-17 12:17:20,668 - INFO - DB processing was cancelled.
2025-11-17 12:20:46,785 - INFO - Note: NumExpr detected 24 cores but "NUMEXPR_MAX_THREADS" not set, so enforcing safe limit of 8.
2025-11-17 12:20:46,785 - INFO - NumExpr defaulting to 8 threads.
2025-11-17 12:20:46,909 - INFO - Open serial connection  on /dev/ttyUSB0.
2025-11-17 12:20:46,910 - INFO - Write serial connection on /dev/ttyUSB0 to b'reset\r'.
2025-11-17 12:20:52,916 - INFO - ---------タグ検証開始します---------
2025-11-17 12:20:52,916 - INFO - ---------処理実施時間(分)：1
2025-11-17 12:20:52,938 - INFO - Open serial connection  on /dev/ttyUSB0.
2025-11-17 12:20:52,939 - INFO - Write serial connection on /dev/ttyUSB0 to b'id\r'.
2025-11-17 12:20:53,440 - INFO - Reader ID for port /dev/ttyUSB0: 2d_1
2025-11-17 12:20:53,440 - INFO - Write serial connection on /dev/ttyUSB0 to b'run\r'.
2025-11-17 12:21:52,917 - INFO - ---------タグ検証終了しました---------
2025-11-17 12:21:52,918 - INFO - DB processing was cancelled.
2025-11-17 12:25:20,523 - INFO - Note: NumExpr detected 24 cores but "NUMEXPR_MAX_THREADS" not set, so enforcing safe limit of 8.
2025-11-17 12:25:20,524 - INFO - NumExpr defaulting to 8 threads.
2025-11-17 12:25:20,649 - INFO - Open serial connection  on /dev/ttyUSB0.
2025-11-17 12:25:20,650 - INFO - Write serial connection on /dev/ttyUSB0 to b'reset\r'.
2025-11-17 12:25:26,658 - INFO - ---------タグ検証開始します---------
2025-11-17 12:25:26,658 - INFO - ---------処理実施時間(分)：1
2025-11-17 12:25:26,680 - INFO - Open serial connection  on /dev/ttyUSB0.
2025-11-17 12:25:26,681 - INFO - Write serial connection on /dev/ttyUSB0 to b'id\r'.
2025-11-17 12:25:27,182 - INFO - Reader ID for port /dev/ttyUSB0: 2d_1
2025-11-17 12:25:27,182 - INFO - Write serial connection on /dev/ttyUSB0 to b'run\r'.
2025-11-17 12:26:26,659 - INFO - ---------タグ検証終了しました---------
2025-11-17 12:26:26,659 - INFO - DB processing was cancelled.
2025-11-17 12:26:56,136 - INFO - Note: NumExpr detected 24 cores but "NUMEXPR_MAX_THREADS" not set, so enforcing safe limit of 8.
2025-11-17 12:26:56,136 - INFO - NumExpr defaulting to 8 threads.
2025-11-17 12:26:56,270 - INFO - Open serial connection  on /dev/ttyUSB0.
2025-11-17 12:26:56,271 - INFO - Write serial connection on /dev/ttyUSB0 to b'reset\r'.
2025-11-17 12:27:02,278 - INFO - ---------タグ検証開始します---------
2025-11-17 12:27:02,278 - INFO - ---------処理実施時間：1分
2025-11-17 12:27:02,300 - INFO - Open serial connection  on /dev/ttyUSB0.
2025-11-17 12:27:02,302 - INFO - Write serial connection on /dev/ttyUSB0 to b'id\r'.
2025-11-17 12:27:02,802 - INFO - Reader ID for port /dev/ttyUSB0: 2d_1
2025-11-17 12:27:02,803 - INFO - Write serial connection on /dev/ttyUSB0 to b'run\r'.
2025-11-17 12:28:02,279 - INFO - ---------タグ検証終了しました---------
2025-11-17 12:28:02,279 - INFO - DB processing was cancelled.
2025-11-17 13:52:02,201 - INFO - Note: NumExpr detected 24 cores but "NUMEXPR_MAX_THREADS" not set, so enforcing safe limit of 8.
2025-11-17 13:52:02,202 - INFO - NumExpr defaulting to 8 threads.
2025-11-17 13:52:12,664 - INFO - Note: NumExpr detected 24 cores but "NUMEXPR_MAX_THREADS" not set, so enforcing safe limit of 8.
2025-11-17 13:52:12,664 - INFO - NumExpr defaulting to 8 threads.
2025-11-17 13:52:12,775 - INFO - Open serial connection  on /dev/ttyUSB0.
2025-11-17 13:52:12,775 - INFO - Write serial connection on /dev/ttyUSB0 to b'reset\r'.
2025-11-17 13:52:18,781 - INFO - ---------タグ検証開始します---------
2025-11-17 13:52:18,781 - INFO - ---------処理実施時間：1分
2025-11-17 13:52:18,803 - INFO - Open serial connection  on /dev/ttyUSB0.
2025-11-17 13:52:18,804 - INFO - Write serial connection on /dev/ttyUSB0 to b'id\r'.
2025-11-17 13:52:19,305 - INFO - Reader ID for port /dev/ttyUSB0: 2d_1
2025-11-17 13:52:19,305 - INFO - Write serial connection on /dev/ttyUSB0 to b'run\r'.
2025-11-17 13:53:18,782 - INFO - ---------タグ検証終了しました---------
2025-11-17 13:53:18,782 - INFO - DB processing was cancelled.
2025-11-17 13:55:56,234 - INFO - Note: NumExpr detected 24 cores but "NUMEXPR_MAX_THREADS" not set, so enforcing safe limit of 8.
2025-11-17 13:55:56,234 - INFO - NumExpr defaulting to 8 threads.
2025-11-17 13:55:56,346 - INFO - Open serial connection  on /dev/ttyUSB0.
2025-11-17 13:55:56,347 - INFO - Write serial connection on /dev/ttyUSB0 to b'reset\r'.
2025-11-17 13:56:02,353 - INFO - ---------タグ検証開始します---------
2025-11-17 13:56:02,353 - INFO - ---------処理実施時間：1分
2025-11-17 13:56:02,375 - INFO - Open serial connection  on /dev/ttyUSB0.
2025-11-17 13:56:02,377 - INFO - Write serial connection on /dev/ttyUSB0 to b'id\r'.
2025-11-17 13:56:02,878 - INFO - Reader ID for port /dev/ttyUSB0: 2d_1
2025-11-17 13:56:02,878 - INFO - Write serial connection on /dev/ttyUSB0 to b'run\r'.
2025-11-17 13:56:32,732 - INFO - DB processing was cancelled.
2025-11-17 13:56:33,844 - INFO - Note: NumExpr detected 24 cores but "NUMEXPR_MAX_THREADS" not set, so enforcing safe limit of 8.
2025-11-17 13:56:33,844 - INFO - NumExpr defaulting to 8 threads.
2025-11-17 13:56:33,964 - INFO - Open serial connection  on /dev/ttyUSB0.
2025-11-17 13:56:33,964 - INFO - Write serial connection on /dev/ttyUSB0 to b'reset\r'.
2025-11-17 13:56:39,970 - INFO - ---------タグ検証開始します---------
2025-11-17 13:56:39,970 - INFO - ---------処理実施時間：1分
2025-11-17 13:56:39,992 - INFO - Open serial connection  on /dev/ttyUSB0.
2025-11-17 13:56:39,993 - INFO - Write serial connection on /dev/ttyUSB0 to b'id\r'.
2025-11-17 13:56:40,494 - INFO - Reader ID for port /dev/ttyUSB0: 2d_1
2025-11-17 13:56:40,494 - INFO - Write serial connection on /dev/ttyUSB0 to b'run\r'.
2025-11-17 13:57:24,247 - INFO - DB processing was cancelled.
2025-11-17 13:57:25,300 - INFO - Note: NumExpr detected 24 cores but "NUMEXPR_MAX_THREADS" not set, so enforcing safe limit of 8.
2025-11-17 13:57:25,300 - INFO - NumExpr defaulting to 8 threads.
2025-11-17 13:57:25,425 - INFO - Open serial connection  on /dev/ttyUSB0.
2025-11-17 13:57:25,425 - INFO - Write serial connection on /dev/ttyUSB0 to b'reset\r'.
2025-11-17 13:57:31,431 - INFO - ---------タグ検証開始します---------
2025-11-17 13:57:31,431 - INFO - ---------処理実施時間：1分
2025-11-17 13:57:31,453 - INFO - Open serial connection  on /dev/ttyUSB0.
2025-11-17 13:57:31,454 - INFO - Write serial connection on /dev/ttyUSB0 to b'id\r'.
2025-11-17 13:57:31,955 - INFO - Reader ID for port /dev/ttyUSB0: 2d_1
2025-11-17 13:57:31,955 - INFO - Write serial connection on /dev/ttyUSB0 to b'run\r'.
2025-11-17 13:58:31,432 - INFO - ---------タグ検証終了しました---------
2025-11-17 13:58:31,432 - INFO - DB processing was cancelled.
2025-11-17 14:34:58,113 - INFO - Note: NumExpr detected 24 cores but "NUMEXPR_MAX_THREADS" not set, so enforcing safe limit of 8.
2025-11-17 14:34:58,113 - INFO - NumExpr defaulting to 8 threads.
2025-11-17 14:34:58,240 - ERROR - Error open serial connection on /dev/ttyUSB0: [Errno 2] could not open port /dev/ttyUSB0: [Errno 2] No such file or directory: '/dev/ttyUSB0'
2025-11-17 14:34:58,240 - ERROR - Error write serial connection on /dev/ttyUSB0 to b'reset\r': 'NoneType' object has no attribute 'write'
2025-11-17 14:35:04,245 - ERROR - Error read serial connection on /dev/ttyUSB0: 'NoneType' object has no attribute 'in_waiting'
2025-11-17 14:35:04,245 - INFO - ---------タグ検証開始します---------
2025-11-17 14:35:04,245 - INFO - ---------処理実施時間：1分
2025-11-17 14:35:04,246 - ERROR - Error open serial connection on /dev/ttyUSB0: [Errno 2] could not open port /dev/ttyUSB0: [Errno 2] No such file or directory: '/dev/ttyUSB0'
2025-11-17 14:35:04,247 - ERROR - Error read serial connection on /dev/ttyUSB0: 'NoneType' object has no attribute 'in_waiting'
2025-11-17 14:35:04,247 - ERROR - Error write serial connection on /dev/ttyUSB0 to b'id\r': 'NoneType' object has no attribute 'write'
2025-11-17 14:35:04,747 - ERROR - Error sending id command: 'NoneType' object has no attribute 'in_waiting'
2025-11-17 14:35:52,771 - ERROR - Task exception was never retrieved
future: <Task finished name='Task-2' coro=<_2D.start() done, defined at /home/agg-1/Load_Testing_Program/_2D/__init__.py:25> exception=RuntimeError("Error getID: 'NoneType' object has no attribute 'in_waiting'")>
Traceback (most recent call last):
  File "/home/agg-1/Load_Testing_Program/Library/device.py", line 17, in get_ID
    if ser.ser.in_waiting > 0:
       ^^^^^^^^^^^^^^^^^^
AttributeError: 'NoneType' object has no attribute 'in_waiting'

During handling of the above exception, another exception occurred:

Traceback (most recent call last):
  File "/home/agg-1/Load_Testing_Program/_2D/__init__.py", line 34, in start
    self.__reader_ids = await asyncio.gather(*[
                        ^^^^^^^^^^^^^^^^^^^^^^^
  File "/home/agg-1/Load_Testing_Program/Library/device.py", line 35, in get_ID
    raise RuntimeError(f"Error getID: {e}")
RuntimeError: Error getID: 'NoneType' object has no attribute 'in_waiting'
2025-11-17 14:35:54,124 - INFO - Note: NumExpr detected 24 cores but "NUMEXPR_MAX_THREADS" not set, so enforcing safe limit of 8.
2025-11-17 14:35:54,124 - INFO - NumExpr defaulting to 8 threads.
2025-11-17 14:35:54,249 - ERROR - Error open serial connection on /dev/ttyUSB0: [Errno 2] could not open port /dev/ttyUSB0: [Errno 2] No such file or directory: '/dev/ttyUSB0'
2025-11-17 14:36:11,622 - INFO - Note: NumExpr detected 24 cores but "NUMEXPR_MAX_THREADS" not set, so enforcing safe limit of 8.
2025-11-17 14:36:11,622 - INFO - NumExpr defaulting to 8 threads.
2025-11-17 14:36:11,738 - ERROR - Error open serial connection on /dev/ttyUSB0: [Errno 2] could not open port /dev/ttyUSB0: [Errno 2] No such file or directory: '/dev/ttyUSB0'
2025-11-17 17:00:59,724 - INFO - Note: NumExpr detected 24 cores but "NUMEXPR_MAX_THREADS" not set, so enforcing safe limit of 8.
2025-11-17 17:00:59,724 - INFO - NumExpr defaulting to 8 threads.
2025-11-17 17:00:59,865 - ERROR - Error open serial connection on /dev/ttyUSB0: [Errno 2] could not open port /dev/ttyUSB0: [Errno 2] No such file or directory: '/dev/ttyUSB0'
2025-11-17 17:04:39,972 - INFO - Note: NumExpr detected 24 cores but "NUMEXPR_MAX_THREADS" not set, so enforcing safe limit of 8.
2025-11-17 17:04:39,973 - INFO - NumExpr defaulting to 8 threads.
2025-11-17 17:04:40,087 - ERROR - Error open serial connection on /dev/ttyUSB0: [Errno 2] could not open port /dev/ttyUSB0: [Errno 2] No such file or directory: '/dev/ttyUSB0'
2025-11-17 17:30:08,729 - INFO - Note: NumExpr detected 24 cores but "NUMEXPR_MAX_THREADS" not set, so enforcing safe limit of 8.
2025-11-17 17:30:08,729 - INFO - NumExpr defaulting to 8 threads.
2025-11-17 17:33:19,239 - INFO - Note: NumExpr detected 24 cores but "NUMEXPR_MAX_THREADS" not set, so enforcing safe limit of 8.
2025-11-17 17:33:19,239 - INFO - NumExpr defaulting to 8 threads.
2025-11-17 17:33:19,373 - ERROR - Error open serial connection on /dev/ttyUSB0: [Errno 2] could not open port /dev/ttyUSB0: [Errno 2] No such file or directory: '/dev/ttyUSB0'
